[zeroten.jp/index.html]
[backblue.gif]
[fade.gif]
[index.html]
[zeroten.jp/wp2025/wp-content/themes/zeroten/assets/css/style.css]
[zeroten.jp/wp2025/wp-content/plugins/snow-monkey-forms/dist/css/fallbackafc8.css]
[zeroten.jp/wp2025/wp-content/uploads/2025/11/ogp.jpg]
[zeroten.jp/wp2025/wp-content/plugins/snow-monkey-forms/dist/css/appafc8.css]
[zeroten.jp/wp2025/wp-content/uploads/2025/10/favicon-150x150.png]
[zeroten.jp/wp2025/wp-content/uploads/2025/10/favicon-300x300.png]
[zeroten.jp/wp2025/wp-content/uploads/2025/10/image-105.jpg]
[zeroten.jp/wp2025/wp-content/uploads/2025/10/3fcd04096ca863bd319a96411ec0c1b2.png]
[zeroten.jp/wp2025/wp-content/uploads/2025/10/bc5ef769672bb3ed1474f8e25242c0f0.png]
[zeroten.jp/wp2025/wp-content/uploads/2025/10/aquapanorama_21920-x-1200-px.png]
[zeroten.jp/wp2025/wp-content/uploads/2025/11/topics_zeroten.png]
[zeroten.jp/wp2025/wp-content/uploads/2025/10/maiduru_eyecatch.png]
[zeroten.jp/wp2025/wp-content/themes/zeroten/assets/img/logo_white.svg]
[zeroten.jp/wp2025/wp-content/plugins/snow-monkey-forms/dist/js/app0800.js]
[zeroten.jp/wp2025/wp-content/uploads/2025/11/mirage_eyecatch1920-x-1200-px.png]
[zeroten.jp/wp2025/wp-content/uploads/2025/08/news_ztp.png]
[www.google.com/recaptcha/apiaa57.js]
[zeroten.jp/wp2025/wp-includes/js/dist/hooks.min1fe1.js]
[zeroten.jp/wp2025/wp-includes/js/dist/i18n.min1367.js]
[zeroten.jp/wp2025/wp-content/uploads/2025/10/canalcircus1920-x-1200-px.png]
[zeroten.jp/wp2025/wp-content/plugins/snow-monkey-forms/dist/js/recaptcha0800.js]
[zeroten.jp/wp2025/wp-content/themes/zeroten/assets/js/index0f82.js]
[zeroten.jp/index.html]
[zeroten.jp/wp2025/wp-content/themes/zeroten/assets/js/vendor.js]
[zeroten.jp/wp2025/wp-content/themes/zeroten/assets/img/-pagenavi_arrow.svg]
[zeroten.jp/wp2025/wp-content/themes/zeroten/assets/img/top_fv_scroll.svg]
[zeroten.jp/wp2025/wp-content/themes/zeroten/assets/css/style.css]
[zeroten.jp/wp2025/wp-content/plugins/snow-monkey-forms/dist/css/fallbackafc8.css]
[zeroten.jp/wp2025/wp-content/plugins/snow-monkey-forms/dist/css/appafc8.css]
[zeroten.jp/wp2025/wp-content/themes/zeroten/assets/img/logo_white.svg]
[zeroten.jp/wp2025/wp-content/themes/zeroten/assets/img/-pagenavi_arrow.svg]
[zeroten.jp/wp2025/wp-content/themes/zeroten/assets/img/top_fv_scroll.svg]
